%!Adobe-FontList 1.23
%Locale:0x419

%BeginFont
Handler:DirectoryHandler
FontType:Type1
FontName:CharterIndologique-Regular
FamilyName:Charter Indologique
StyleName:Regular
FullName:Charter Indologique Regular
MenuName:Charter Indologique
StyleBits:0
WritingScript:Roman
OutlineFileName:D:\Google_Disk\Санскрит\Рамаяна\Верстка\2025_10_12\Ramayana_II_12.10.25\Document fonts\CHARTERINDOLOGIQUE-REGULAR.OTF
DataFormat:sfntData
UsesStandardEncoding:yes
isCFF:yes
hasSVG:no
VariableFontType:NonVariableFont
FileLength:230260
FileModTime:1735753860
WeightClass:400
WidthClass:5
AngleClass:0
NameArray:0,Mac,4,Charter Indologique Regular
NameArray:0,Win,1,Charter Indologique
%EndFont

%BeginFont
Handler:DirectoryHandler
FontType:Type1
FontName:NewBaskervilleITC-Bold
FamilyName:New Baskerville ITC
StyleName:Bold
FullName:New Baskerville ITC Bold
MenuName:New Baskerville ITC
StyleBits:2
WritingScript:Roman
OutlineFileName:D:\Google_Disk\Санскрит\Рамаяна\Верстка\2025_10_12\Ramayana_II_12.10.25\Document fonts\ITC-New-Baskerville_Bold.otf
DataFormat:sfntData
UsesStandardEncoding:yes
isCFF:yes
hasSVG:no
VariableFontType:NonVariableFont
FileLength:133860
FileModTime:1647964654
WeightClass:700
WidthClass:5
AngleClass:0
NameArray:0,Mac,4,New Baskerville ITC Bold
NameArray:0,Win,1,New Baskerville ITC
%EndFont

%BeginFont
Handler:DirectoryHandler
FontType:Type1
FontName:NewBaskervilleITC-Regular
FamilyName:New Baskerville ITC
StyleName:Regular
FullName:New Baskerville ITC
MenuName:New Baskerville ITC
StyleBits:0
WritingScript:Roman
OutlineFileName:D:\Google_Disk\Санскрит\Рамаяна\Верстка\2025_10_12\Ramayana_II_12.10.25\Document fonts\ITC-New-Baskerville_Book.otf
DataFormat:sfntData
UsesStandardEncoding:yes
isCFF:yes
hasSVG:no
VariableFontType:NonVariableFont
FileLength:206128
FileModTime:1677258702
WeightClass:400
WidthClass:5
AngleClass:0
NameArray:0,Mac,4,New Baskerville ITC
NameArray:0,Win,1,New Baskerville ITC
%EndFont

%BeginFont
Handler:DirectoryHandler
FontType:Type1
FontName:NewBaskervilleITC-Italic
FamilyName:New Baskerville ITC
StyleName:Italic
FullName:New Baskerville ITC Italic
MenuName:New Baskerville ITC
StyleBits:1
WritingScript:Roman
OutlineFileName:D:\Google_Disk\Санскрит\Рамаяна\Верстка\2025_10_12\Ramayana_II_12.10.25\Document fonts\ITC-New-Baskerville_Italic.otf
DataFormat:sfntData
UsesStandardEncoding:yes
isCFF:yes
hasSVG:no
VariableFontType:NonVariableFont
FileLength:166160
FileModTime:1677258687
WeightClass:400
WidthClass:5
AngleClass:1
NameArray:0,Mac,4,New Baskerville ITC Italic
NameArray:0,Win,1,New Baskerville ITC
%EndFont

%BeginFont
Handler:DirectoryHandler
FontType:TrueType
FontName:Santipur2014
FamilyName:Santipur2014
StyleName:Regular
FullName:Santipur2014
MenuName:Santipur2014
StyleBits:0
WritingScript:Roman
OutlineFileName:D:\Google_Disk\Санскрит\Рамаяна\Верстка\2025_10_12\Ramayana_II_12.10.25\Document fonts\Santipur20140415.ttf
DataFormat:sfntData
hasSVG:no
VariableFontType:NonVariableFont
FileLength:291292
FileModTime:1568292168
WeightClass:500
WidthClass:5
AngleClass:0
NameArray:0,Mac,18,Santipur2014
NameArray:0,Mac,4,Santipur2014
NameArray:0,Win,1,Santipur2014
%EndFont

%BeginFont
Handler:DirectoryHandler
FontType:Invalid
OutlineFileName:D:\Google_Disk\Санскрит\Рамаяна\Верстка\2025_10_12\Ramayana_II_12.10.25\Document fonts\desktop.ini
FileModTime:1769580301
%EndFont

%BeginFont
Handler:DirectoryHandler
FontType:TrueType
FontName:LeelawadeeUI-Semilight
FamilyName:Leelawadee UI
StyleName:Semilight
FullName:Leelawadee UI Semilight
MenuName:Leelawadee UI Semilight
StyleBits:0
WritingScript:Thai
OutlineFileName:D:\Google_Disk\Санскрит\Рамаяна\Верстка\2025_10_12\Ramayana_II_12.10.25\Document fonts\leeluisl.ttf
DataFormat:sfntData
hasSVG:no
VariableFontType:NonVariableFont
FileLength:386264
FileModTime:1575709707
WeightClass:350
WidthClass:5
AngleClass:0
NameArray:0,Win,1,Leelawadee UI Semilight
NameArray:0,Win,16,Leelawadee UI
%EndFont

